[NON_INTERACTIVE]

High process gap — required context missing:
- plan_ref: MISSING
- design_ref: MISSING
- covers: MISSING
- diff_base: present
Proceed with partial checks only.

code review please

Required review sections (모두 응답에 포함해야 한다):

1. Code defects and regressions
   - 기존 코드리뷰 체크 (look-ahead, 타입, 경계, resource leak 등)

2. Design Alignment  [Spec B policy]
   각 active DoD covers 의 Scope ID 에 대해 아래 4 status 중 하나로 분류 + 근거 제시:

   - MATCH: 해당 ID 가 기술한 entity/direction/scenario 가 diff 의 코드 변경 또는
            test 변경에서 명확히 반영됐다. direction 의 부등호/boolean/exact
            값이 assertion 이나 조건문에 관찰됨.
   - PARTIAL: entity 는 반영됐으나 direction/scenario 중 일부가 누락.
   - MISSING: 해당 ID 를 구현해야 하는 commit 인데 diff 에 entity 관련 변경이 없음.
   - CONTRADICTS: direction 이 반대로 구현됨. 예: design 이 "A < B" 인데
                  코드/test 가 "A == B" 또는 "A > B".

   covers 외 Scope ID 는 "out of scope of this change".

   TO-scope-id-measurable-contract-required 자기 강제: Scope ID 의 측정 가능성은
   ID 문자열이 아니라 context 블록 scope_items 의 해당 행(설명·검증 방법)까지
   읽어 판정한다. entity/direction/scenario 세 요소가 설명에 있으면 문자열
   형식만으로는 플래그하지 않는다. 설명에도 세 요소 중 하나가 없을 때만 MEDIUM
   으로 플래그 ("ID 포맷 미달"). bad ID 가 slot 을 오염시키는 것을 막는다.

3. Test Alignment  [Spec B policy — 단일 deterministic rule, parent/child 분리 구조 사용 금지]

   --- Step 1: Status 판정 ---

   test 함수 이름이 design term (mode name, state name, action name 등) 을
   사용하는가? 예: test_caution_*, test_defense_*, test_rotation_bearish_*.

   사용하면 assertion 을 design 의 해당 term 정의와 대조하여 status 분류:

   - MATCH: assertion 이 design 의 서술과 같은 방향/값
   - PARTIAL: assertion 이 term 의 일부만 검증
   - CONTRADICTS: assertion 이 design 이 명시한 동작과 상충 — 다음 중 하나:
     * 방향 반전 (design 이 A < B 인데 assertion 이 A > B 또는 A == B)
     * 임계값 누락 (design 이 수치 threshold 를 요구하는데 assertion 이 equality 만)
     * same-result 패턴 (expected == <other_mode_literal> 또는 다른 mode 의 상수와
       일치) — 단, same-result 는 design 이 divergence 를 요구하는 경우에만
       CONTRADICTS. design 이 두 mode 의 동일 결과를 허용하거나 divergence
       요구가 없으면 MATCH (false-positive 원천 차단).

   CONTRADICTS 는 status 일 뿐 severity 가 아님. severity 는 Step 2 로 결정.

   --- Step 2: Severity 판정 (corroboration matrix) ---

   status = MATCH 또는 PARTIAL: Low signal, detection log 기록 안 함.

   status = CONTRADICTS: test 에서 3 요소 추출 후 corroboration 으로 severity 결정:

   - test_entity: test 함수명에서 design term 부분 (예: test_caution_nav_* → "caution-nav")
   - test_direction: assertion 이 요구하는 방향 (부등호, boolean, exact value)
   - test_scenario: test 함수명/fixture/parameter 에서 추출된 scenario token
                    (예: *_s1_2020_03_* → "s1-2020-03")

   3 요소 중 하나라도 추출 불가능하면 corroboration 0 으로 처리 (fail-safe).

   Corroboration 출처 3 종 — 각 출처에서 entity + direction + scenario
   세 축이 모두 일치해야 1 건으로 count:

   1. design 서술체: design 본문이 test_entity 의 direction 을 명시 + test_scenario
      를 언급. generic 서술 (scenario 미언급) 은 scenario 축 fail → count 안 됨.
      다른 scenario 서술도 scenario 불일치 → count 안 됨.
   2. design Scope Items: test_entity prefix + test_direction keyword + test_scenario
      suffix 를 모두 포함하는 Scope ID 존재. scenario 다른 ID 는 count 안 됨.
   3. plan matrix covers: active DoD covers 에 출처 2 의 entity+direction+scenario
      일치 Scope ID 가 implemented 로 포함. 애매한 match 는 권한 없음 (fail-safe).

   severity matrix:
   | corroboration 건수 | severity |
   |------------------|----------|
   | 0                | Low signal, detection log ONLY (envelope 에 기록, verdict = warning) |
   | 1 이상           | High (corroboration 증거를 envelope 에 인용)                       |

   예시 1 (High — corroboration 1): design 본문 "CAUTION 은 S1 2020-03 에서
   ATTACK 보다 drawdown 작다" + Scope ID "caution-nav-drawdown-less-than-attack-in-s1-2020-03"
   존재. test_caution_nav_drawdown_less_than_attack_in_s1_2020_03 이 nav_caution
   == nav_attack 를 assert → CONTRADICTS + corroboration 2 출처 매칭 → High.

   예시 2 (Low signal): design 이 두 mode 동일 결과를 허용. test_caution_mode_nav
   이 nav == 101_000_000 assert → status 는 MATCH (divergence 요구 없음). 기록
   대상 아님.

4. Claim Audit  [Spec B policy]

   1. Claim 에 숫자가 포함된 경우 (예: "3 선행지표", "5단계 포지션", "4 ETF 쌍"):
      - 각 숫자 항목에 대해 코드/config/design 에서 1:1 mapping 을 찾아 제시.
      - 예: "3 선행지표" → 선행지표 1 (path), 선행지표 2 (path), 선행지표 3 (path).
      - mapping 이 불완전하면 High severity.

   2. 기능 이름 claim (예: "CAUTION mode 구현 완료"):
      - 해당 mode/기능의 Scope ID 가 active DoD covers 에 존재하는지 확인.
      - 존재 + Design Alignment MATCH → 통과.
      - 존재 + MISSING/CONTRADICTS → High.

   3. Matrix `deferred` 행의 사유:
      - plan matrix 의 deferred 행 "위치/사유" 가 PR/commit claim 과 일치하는가?
      - changelog 에 언급된 항목인데 matrix 에 없으면 "claim vs tracking drift" High.

   4. Claim source 우선순위 (Spec A GI-codex-review-context-assembly 에서 주입,
      현재 review subject 모드에 맞춰 동적 생성 — B5):
      PR title/body > HEAD commit > DoD/plan top > (pre-commit) "unavailable"  [commit range: committed change is the subject]

   5. Evidence freshness

      context block 의 claim_source_iso_hints 각 항목에 대해 last-commit ISO 를
      diff_base_iso 와 비교:

      - last-commit ISO < diff_base_iso → "stale evidence", HIGH severity flag
      - ISO = (unavailable) → freshness 판정 skip + advisory 기록만 (severity Low)

      본 slot 응답에 plaintext 로 entity + timestamp + 판정을 명시.
      (verdict 승격 강제는 sub-item 6 의 discrepancy 기준만 적용 —
      freshness HIGH 는 slot 내부 severity flag 일 뿐 verdict 강제 아님)

   6. Claim discrepancy escalation

      sub-item 1 (numeric mapping) 에만 적용. expected 값과 관찰 값 관계에서
      다음 중 하나 충족 시 **응답 첫 줄에 NEEDS-FIX 출력**:

      (a) |expected - observed| / max(|expected|, 1) > 0.20
      (b) 1:1 mapping 누락 항목 수 ≥ 1

      (c) 구성 단서 — 요청서가 숫자에 구성을 적었으면
          (<합계> = <값>(<출처>) + <값>(<출처>) … 형식) 각 항목을 출처
          (파일·절·명령)에서 확인하라. 모든 항목이 확인되고 합이 일치하면
          그 숫자는 1:1 mapping 을 갖춘 것으로 보고 (b) 의 누락으로 세지
          않는다. 한 항목이라도 확인되지 않거나 합이 다르면 (a)·(b) 를
          그대로 적용한다.

      sub-item 2 (feature name) / sub-item 3 (Matrix deferred 사유) 는
      boolean/qualitative 이므로 본 rule 대상 아님 — 기존 High 판정 규칙 유지.
      Evidence freshness (sub-item 5) 의 HIGH 판정도 본 rule 의 verdict 승격
      대상이 **아님** (numeric mapping claim 전용).

   문서 주장(안내·CHANGELOG·README)의 차단 기준:
   수정 필요(NEEDS-FIX)로 이어지는 지적은 결정·범위·사실의 오류여야 하고,
   무엇을 잘못 전달하는지와 그 근거를 지적에 적어라. 같은 뜻의 표현 선택·
   배치·명칭 취향은 "참고사항" 으로 분리하고 verdict 를 승격시키지 않는다.
   실질 결함 — 잘못된 사용법, 영향 범위(예: 특정 플랫폼 한정이라는 과장),
   필수 보안·안전 제약의 누락(인증, TLS 검증, 안전한 역직렬화 등 — 범위의
   오류이며 "구현 단계 이관" 참고사항으로 돌리지 않는다),
   완료 주장, 수치 불일치, 누락된 추적 연결 — 은 계속 차단한다.

   8. Delta evidence

      요청서에 delta_evidence: 절(후속 회차의 델타 증거)이 있으면 아래를
      판정하라. 없으면 이 sub-item 은 "해당 없음" 한 줄로 끝낸다.

      - 기준 실행 기록(full_run_tree 식별자 + 그 트리에서의 전체 스위트
        실행 블록, exit_code 0), untracked_at_full_run, 델타 파일 목록,
        delta_lines·delta_source_files, 델타가 닿는 대상 테스트를 실행한
        [axis:test] 블록, external_inputs: unchanged 가 모두 있으면 이것을
        이 회차의 충분한 테스트 증거로 인정한다. 이 회차에 전체 스위트
        재실행을 요구하지 마라.
      - 위 칸이 하나라도 비었거나, 기준 실행 블록의 exit_code 가 0 이
        아니거나, external_inputs 가 unchanged 가 아니거나, git 을 실행할
        수 있는데 기준 커밋이 없으면(git cat-file -e <full_run_tree> 실패)
        Medium "델타 증거 불완전 — 전체 실행 후 재요청".
      - 대상 테스트 매핑(델타 파일 → 그 파일을 import 하거나 그 동작을
        실행하는 테스트 파일)이 불명확하거나, 매핑이 빠진 델타 파일이
        있으면 Medium "대상 테스트 매핑 불명확 — 전체 실행 후 재요청".
      - 델타가 아래 전체 재실행 복귀 조건 중 하나라도 충족하는데 대상
        테스트만 실행했으면 Medium "전체 실행 후 재요청".
        복귀 조건: 의존성·빌드 설정 파일(lockfile·pyproject.toml·
        package.json·setup.* 류) 변경 / 테스트 공용 설정·픽스처
        (conftest.py·tests/fixtures/**·tests/helpers/** 류) 변경 / 둘 이상
        테스트 파일이 import 하는 공용 모듈 변경(selection 이 import-search·
        manual 이거나 없을 때만 — 아래 selection 판정) / 소스 파일 5개 초과
        (delta_source_files) 또는 변경 200줄 초과(delta_lines) / 소스 파일
        삭제·이름 변경 / 테스트가 읽는 외부 입력 변경.
      - selection 판정: selection 이 manual 이 아니면(칸이 없으면 manual)
        선택기 실행 [EVIDENCE] 블록(axis 토큰 없음, command 는 선택기
        호출 그대로이며 --base <full_run_tree> 와 --format json 포함)이
        있어야 하고, 그 output JSON 을 delta_evidence 와 대조한다:
        base = full_run_tree, untracked_scope 가 같다, changed 집합 =
        delta 목록(?? 항목 포함), delta_lines·delta_source_files 가 같다,
        method = selection, full_run_required = false, [axis:test] 블록의
        command = JSON 의 command. 하나라도 어긋나거나(선택기 실행 뒤
        추가 변경도 여기서 드러난다) selection 이 여섯 값 밖이면
        Medium "델타 증거 불완전 — 전체 실행 후 재요청".
        selection 이 testmon 이면 기준 실행 블록의 command 에
        --testmon-noselect 가 있어야 한다. 없으면 같은 Medium 이다.
        공용 모듈 조건: selection 이 도구 보증(project-script·jest·vitest·
        testmon)이면 적용하지 않는다 — 대상 완전성은 프로젝트 스크립트
        또는 도구(jest·vitest 의 import 그래프, testmon 의 실행 기록)가
        책임지며 rein 은 검증하지 않는다(jest·vitest 는 선택기가 저장소의
        동적 import 흔적 파일과 거기에 닿는 테스트를 command 에 더한다).
        jest·vitest·testmon 은 도구가 실행 시 대상을 정하므로 targeted_tests
        가 "* -> <selection> 선택" 한 줄이어도 매핑 불명확으로 보지 않는다.
        selection 이 import-search 이거나 manual 이면 공용 모듈 조건을
        그대로 적용한다.
      - git 을 실행할 수 있으면 git cat-file -e <full_run_tree> 로 기준
        커밋 존재를 확인한 뒤 git diff --name-status <full_run_tree> 로
        델타 목록을 대조하라(읽기 전용). git 자체를 실행할 수 없을 때만
        요청서의 목록으로 판정한다 — 기준 커밋 부재는 위 "불완전" 이다.
      - 미추적 파일은 git diff 에 나오지 않는다. untracked_at_full_run 의
        스냅샷(<경로> <sha256> <줄 수>)과 현재 미추적 목록(git ls-files
        --others --exclude-standard 를 요청서의 untracked_scope 로 거른 것 —
        기준과 **같은 범위**, 읽기 전용, 필요하면 sha256sum·wc -l)을 대조해
        세 경우를 확인하라: 스냅샷에 없는 파일 = added(지금 줄 수),
        sha256 이 다른 파일 = modified(스냅샷·지금 중 큰 줄 수), 스냅샷에
        있는데 지금 미추적 목록에 없는 파일 = deleted(스냅샷 줄 수).
        추적 전환 규칙: 스냅샷 파일이 지금 추적 파일이면(--name-status 의
        A) deleted 가 아니라 --name-status 항목으로만 한 번 센다.
      - 합계 재계산: numstat 합 + ?? 줄 수 = delta_lines,
        --name-status 소스 + ?? 소스 = delta_source_files 를
        다시 계산해 대조하라. ?? 항목이 위 비교와 다르거나 빠진 파일이
        있거나 재계산 값이 요청서와 다르면 Medium "델타 증거 불완전 —
        전체 실행 후 재요청". git 을 실행할 수 없으면 요청서의 ?? 항목이
        세 경우를 모두 다뤘는지와 합계 산식이 맞는지 서술로 판정한다.

      위 세 Medium 은 테스트 증거 범위에 대한 판정이며 High 로 올리지
      않는다. 델타 안의 코드 결함 판정은 이 sub-item 과 무관하게 slot 1
      규칙을 따른다.

출력 밀도 (기본 — 축소):
- 통과(MATCH) 항목: slot 별 "검사 N개 / 통과 N개" 한 줄 요약만. 개별 MATCH 서술 생략.
- PARTIAL / MISSING / CONTRADICTS 및 발견(High/Medium): 전량 상세 (축소 금지).
- 입력 없는 섹션(covers 부재·claim 없음 등)은 응답에서 생략.
위 축소는 서술(출력) 축소일 뿐, 위 네 Required review section 의 검사 자체는 모두 수행한다.

응답 출력 형식 (필수 — P2 verdict parser hardening, 2026-04-25):

응답의 **마지막 줄**에 반드시 아래 한 줄을 출력한다 (parser 가 이 라인을 우선
매칭한다):

  FINAL_VERDICT: <PASS|NEEDS-FIX|REJECT>

위 라인이 없으면 wrapper 는 첫 줄 keyword 매칭으로 fallback 하며, 둘 다 부재
시 NEEDS-FIX 로 처리한다. 본문에서 판정을 분석한 뒤에도 마지막에 위 한 줄을
반드시 다시 출력하라.

---
Context:

review_subject: commit_range
diff_base: <SHA>
diff_base_iso: <ISO>
head_iso: <ISO>
active_dod_tier: 0
active_dod_path: 
active_dod_reason: 
plan_ref: (none)
design_ref: (none)

covers (from DoD):
(none)

scope_items (from design):
(none)

changed_files (<SHA>..HEAD):
(none)

claim_sources:
head_commit=
head
---